// Jest Snapshot v1, https://goo.gl/fbAQLP

exports[`Badges renders correctly 1`] = `
<div>
  <div
    class="flex flex-row flex-wrap justify-center"
    data-testid="badges"
  >
    <a
      class="flex flex-col no-underline opacity-90 hover:opacity-100"
      data-testid="page-link"
      href="/showcase"
    >
      <div
        class="flex flex-col justify-end w-36"
        data-testid="badge"
      >
        <img
          alt=""
          class="w-9/12 opacity-90 mx-auto mb-2 hover:opacity-100"
          src="test-file-stub"
        />
        <p
          class="text-center capitalize"
        >
          showcase
        </p>
      </div>
    </a>
    <a
      class="flex flex-col no-underline opacity-90 hover:opacity-100"
      data-testid="page-link"
      href="/tutorials"
    >
      <div
        class="flex flex-col justify-end w-36"
        data-testid="badge"
      >
        <img
          alt=""
          class="w-9/12 opacity-90 mx-auto mb-2 hover:opacity-100"
          src="test-file-stub"
        />
        <p
          class="text-center capitalize"
        >
          tutorials
        </p>
      </div>
    </a>
    <a
      class="flex flex-col no-underline opacity-90 hover:opacity-100"
      data-testid="page-link"
      href="/reviews"
    >
      <div
        class="flex flex-col justify-end w-36"
        data-testid="badge"
      >
        <img
          alt=""
          class="w-9/12 opacity-90 mx-auto mb-2 hover:opacity-100"
          src="test-file-stub"
        />
        <p
          class="text-center capitalize"
        >
          reviews
        </p>
      </div>
    </a>
    <a
      class="flex flex-col no-underline opacity-90 hover:opacity-100"
      data-testid="page-link"
      href="/battle-reports"
    >
      <div
        class="flex flex-col justify-end w-36"
        data-testid="badge"
      >
        <img
          alt=""
          class="w-9/12 opacity-90 mx-auto mb-2 hover:opacity-100"
          src="test-file-stub"
        />
        <p
          class="text-center capitalize"
        >
          battle Reports
        </p>
      </div>
    </a>
  </div>
</div>
`;
