// Jest Snapshot v1, https://jestjs.io/docs/snapshot-testing

exports[`Accordion renders correctly 1`] = `
<div>
  <ul
    class="m-0!"
    data-testid="accordion"
  >
    <li
      class="list-none! bg-white border-b"
      data-testid="accordion-item"
    >
      <header
        class="flex items-center justify-between p-4 font-medium cursor-pointer bg-neutral-100 hover:bg-neutral-200"
        role="button"
        tabindex="1"
      >
        <div
          class="flex items-center justify-between p-4 font-medium"
          data-testid="accordion-item-trigger"
        >
          ðŸ‘‹ Hello There
          <svg
            class="size-4 transition-transform rotate-180"
            fill="none"
            stroke="currentColor"
            stroke-width="1.5"
            viewBox="0 0 24 24"
            xmlns="http://www.w3.org/2000/svg"
          >
            <path
              d="m19.5 8.25-7.5 7.5-7.5-7.5"
              stroke-linecap="round"
              stroke-linejoin="round"
            />
          </svg>
        </div>
      </header>
      <div
        class="overflow-y-hidden transition-all open"
        data-testid="accordion-item-content"
        style="height: 0px;"
      >
        <div
          class="p-4"
        >
          A demo Accordion item
        </div>
      </div>
    </li>
    <li
      class="list-none! bg-white border-b"
      data-testid="accordion-item"
    >
      <header
        class="flex items-center justify-between p-4 font-medium cursor-pointer bg-neutral-100 hover:bg-neutral-200"
        role="button"
        tabindex="2"
      >
        <div
          class="flex items-center justify-between p-4 font-medium"
          data-testid="accordion-item-trigger"
        >
          ðŸŒŸ It's Animated
          <svg
            class="size-4 transition-transform "
            fill="none"
            stroke="currentColor"
            stroke-width="1.5"
            viewBox="0 0 24 24"
            xmlns="http://www.w3.org/2000/svg"
          >
            <path
              d="m19.5 8.25-7.5 7.5-7.5-7.5"
              stroke-linecap="round"
              stroke-linejoin="round"
            />
          </svg>
        </div>
      </header>
      <div
        class="overflow-y-hidden transition-all closed"
        data-testid="accordion-item-content"
        style="height: 0px;"
      >
        <div
          class="p-4"
        >
          It transitions between the open and close states
        </div>
      </div>
    </li>
    <li
      class="list-none! bg-white border-b"
      data-testid="accordion-item"
    >
      <header
        class="flex items-center justify-between p-4 font-medium cursor-pointer bg-neutral-100 hover:bg-neutral-200"
        role="button"
        tabindex="3"
      >
        <div
          class="flex items-center justify-between p-4 font-medium"
          data-testid="accordion-item-trigger"
        >
          <div>
            ðŸ§¶It's customisable
          </div>
          <svg
            class="size-4 transition-transform "
            fill="none"
            stroke="currentColor"
            stroke-width="1.5"
            viewBox="0 0 24 24"
            xmlns="http://www.w3.org/2000/svg"
          >
            <path
              d="m19.5 8.25-7.5 7.5-7.5-7.5"
              stroke-linecap="round"
              stroke-linejoin="round"
            />
          </svg>
        </div>
      </header>
      <div
        class="overflow-y-hidden transition-all closed"
        data-testid="accordion-item-content"
        style="height: 0px;"
      >
        <div
          class="p-4"
        >
          It is entirely customizable. You can put any HTML element and style it however you want.
        </div>
      </div>
    </li>
    <li
      class="list-none! bg-white border-b"
      data-testid="accordion-item"
    >
      <header
        class="flex items-center justify-between p-4 font-medium cursor-pointer bg-neutral-100 hover:bg-neutral-200"
        role="button"
        tabindex="4"
      >
        <div
          class="flex items-center justify-between p-4 font-medium"
          data-testid="accordion-item-trigger"
        >
          <div>
            ðŸ¦• React & Tailwind
          </div>
          <svg
            class="size-4 transition-transform "
            fill="none"
            stroke="currentColor"
            stroke-width="1.5"
            viewBox="0 0 24 24"
            xmlns="http://www.w3.org/2000/svg"
          >
            <path
              d="m19.5 8.25-7.5 7.5-7.5-7.5"
              stroke-linecap="round"
              stroke-linejoin="round"
            />
          </svg>
        </div>
      </header>
      <div
        class="overflow-y-hidden transition-all closed"
        data-testid="accordion-item-content"
        style="height: 0px;"
      >
        <div
          class="p-4"
        >
          Nothing but React and Tailwind CSS
        </div>
      </div>
    </li>
  </ul>
</div>
`;
