// Jest Snapshot v1, https://goo.gl/fbAQLP

exports[`Pagination renders correctly 1`] = `
<div>
  <ul
    class="flex flex-wrap justify-between items-center p-0 my-8 list-none"
    data-testid="pagination"
  >
    <li>
      <a
        aria-current="page"
        class="text-blue-500 visited:text-blue-500 hover:text-blue-700 no-underline"
        data-testid="page-link"
        href="/"
      >
        &lt;&lt;
      </a>
    </li>
    <li>
      <a
        aria-current="page"
        class="p-2 no-underline text-blue-500 hover:bg-blue-500 hover:text-white "
        data-testid="page-link"
        href="/"
      >
        1
      </a>
    </li>
    <li>
      <a
        class="p-2 no-underline text-blue-500 hover:bg-blue-500 hover:text-white "
        data-testid="page-link"
        href="/2"
      >
        2
      </a>
    </li>
    <li>
      <a
        class="p-2 no-underline text-blue-500 hover:bg-blue-500 hover:text-white bg-blue-500 text-white"
        data-testid="page-link"
        href="/3"
      >
        3
      </a>
    </li>
    <li>
      <a
        class="p-2 no-underline text-blue-500 hover:bg-blue-500 hover:text-white "
        data-testid="page-link"
        href="/4"
      >
        4
      </a>
    </li>
    <li>
      <a
        class="p-2 no-underline text-blue-500 hover:bg-blue-500 hover:text-white "
        data-testid="page-link"
        href="/5"
      >
        5
      </a>
    </li>
    <li>
      <a
        class="text-blue-500 visited:text-blue-500 hover:text-blue-700 no-underline"
        data-testid="page-link"
        href="/5"
      >
        &gt;&gt;
      </a>
    </li>
  </ul>
</div>
`;
