// Jest Snapshot v1, https://goo.gl/fbAQLP

exports[`Badge renders correctly 1`] = `
<div>
  <div
    class="flex flex-col justify-end w-36"
    data-testid="badge"
  >
    <img
      alt=""
      class="w-9/12 opacity-90 mx-auto mb-2 hover:opacity-100"
      src="test-file-stub"
    />
    <p
      class="text-center capitalize"
    >
      showcase
    </p>
  </div>
</div>
`;
