// Jest Snapshot v1, https://goo.gl/fbAQLP

exports[`Header renders correctly 1`] = `
<div>
  <div
    css="You have tried to stringify object returned from \`css\` function. It isn't supposed to be used directly (e.g. as value of the \`className\` prop), but rather handed to emotion so it can handle it (e.g. as value of \`css\` prop)."
    data-testid="nav-header"
  >
    <nav
      css="You have tried to stringify object returned from \`css\` function. It isn't supposed to be used directly (e.g. as value of the \`className\` prop), but rather handed to emotion so it can handle it (e.g. as value of \`css\` prop)."
    >
      <a
        aria-current="page"
        class=""
        css="You have tried to stringify object returned from \`css\` function. It isn't supposed to be used directly (e.g. as value of the \`className\` prop), but rather handed to emotion so it can handle it (e.g. as value of \`css\` prop)."
        data-testid="page-link-paint"
        hex="#eb1d23"
        href="/"
      >
        <img
          alt="Logo"
          src="/static/logo-37f736b45fa7360612c71ff66ce83af8.png"
          width="60px"
        />
        <h1
          css="You have tried to stringify object returned from \`css\` function. It isn't supposed to be used directly (e.g. as value of the \`className\` prop), but rather handed to emotion so it can handle it (e.g. as value of \`css\` prop)."
        >
          MiniToTheMax
        </h1>
      </a>
      <div
        css="You have tried to stringify object returned from \`css\` function. It isn't supposed to be used directly (e.g. as value of the \`className\` prop), but rather handed to emotion so it can handle it (e.g. as value of \`css\` prop)."
      >
        <a
          aria-current="page"
          bg="#eb1d23"
          class=""
          css="You have tried to stringify object returned from \`css\` function. It isn't supposed to be used directly (e.g. as value of the \`className\` prop), but rather handed to emotion so it can handle it (e.g. as value of \`css\` prop)."
          data-testid="page-link-cover"
          direction="up"
          duration="1"
          href="/"
          style="color: rgb(235, 29, 35);"
        >
          Home
        </a>
        <a
          bg="#eb1d23"
          css="You have tried to stringify object returned from \`css\` function. It isn't supposed to be used directly (e.g. as value of the \`className\` prop), but rather handed to emotion so it can handle it (e.g. as value of \`css\` prop)."
          data-testid="page-link-cover"
          direction="up"
          duration="1"
          href="/blog"
        >
          Blog
        </a>
        <a
          bg="#eb1d23"
          css="You have tried to stringify object returned from \`css\` function. It isn't supposed to be used directly (e.g. as value of the \`className\` prop), but rather handed to emotion so it can handle it (e.g. as value of \`css\` prop)."
          data-testid="page-link-cover"
          direction="up"
          duration="1"
          href="/showcase"
        >
          Showcase
        </a>
        <a
          bg="#eb1d23"
          css="You have tried to stringify object returned from \`css\` function. It isn't supposed to be used directly (e.g. as value of the \`className\` prop), but rather handed to emotion so it can handle it (e.g. as value of \`css\` prop)."
          data-testid="page-link-cover"
          direction="up"
          duration="1"
          href="/backlog"
        >
          Backlog
        </a>
      </div>
    </nav>
  </div>
</div>
`;
