// Jest Snapshot v1, https://goo.gl/fbAQLP

exports[`ShowcaseCategory renders correctly 1`] = `
<div>
  <div
    css="You have tried to stringify object returned from \`css\` function. It isn't supposed to be used directly (e.g. as value of the \`className\` prop), but rather handed to emotion so it can handle it (e.g. as value of \`css\` prop)."
    data-testid="showcase-category"
  >
    <a
      bg="#eb1d23"
      css="You have tried to stringify object returned from \`css\` function. It isn't supposed to be used directly (e.g. as value of the \`className\` prop), but rather handed to emotion so it can handle it (e.g. as value of \`css\` prop)."
      data-testid="page-link-cover"
      direction="up"
      duration="1"
      href="/showcase/board-games"
    >
      <div
        css="You have tried to stringify object returned from \`css\` function. It isn't supposed to be used directly (e.g. as value of the \`className\` prop), but rather handed to emotion so it can handle it (e.g. as value of \`css\` prop)."
        data-testid="cover-image"
      >
        <div
          class=" gatsby-image-wrapper"
          style="position: relative; overflow: hidden;"
        >
          <div
            aria-hidden="true"
            style="width: 100%; padding-bottom: 50%;"
          />
          <picture>
            <source
              sizes="(max-width: 800px) 100vw, 800px"
              srcset=""
            />
            <img
              alt=""
              loading="lazy"
              sizes="(max-width: 800px) 100vw, 800px"
              src="cover.jpeg"
              srcset=""
              style="position: absolute; top: 0px; left: 0px; width: 100%; height: 100%; object-fit: cover; object-position: center; opacity: 0; transition: opacity 500ms;"
            />
          </picture>
          <noscript>
            &lt;picture&gt;&lt;source srcset="" sizes="(max-width: 800px) 100vw, 800px" /&gt;&lt;img loading="lazy" sizes="(max-width: 800px) 100vw, 800px" src="cover.jpeg" alt="" style="position:absolute;top:0;left:0;opacity:1;width:100%;height:100%;object-fit:cover;object-position:center"/&gt;&lt;/picture&gt;
          </noscript>
        </div>
        <h2
          css="You have tried to stringify object returned from \`css\` function. It isn't supposed to be used directly (e.g. as value of the \`className\` prop), but rather handed to emotion so it can handle it (e.g. as value of \`css\` prop)."
        >
          Board Games
        </h2>
      </div>
    </a>
  </div>
</div>
`;
